{
  "title": "grunt-appdmg Test",
  "background": "../../test/fixtures/TestBkg.png",
  "icon-size": 80,
  "contents": [
    {
      "x": 192,
      "y": 344,
      "type": "file",
      "path": "../../test/fixtures/TestApp.app"
    },
    {
      "x": 448,
      "y": 344,
      "type": "link",
      "path": "/Applications"
    }
  ]
}